warning: function `atribuir_slots` is never used
  --> crates\emit_native\src\llvm\raizes.rs:81:8
   |
81 | pub fn atribuir_slots(
   |        ^^^^^^^^^^^^^^
   |
   = note: `#[warn(dead_code)]` (part of `#[warn(unused)]`) on by default

warning: `dartforge-emit-native` (lib) generated 1 warning
   Compiling dartforge-emit-native v0.1.0 (E:\MyRustProjects\dartforge\crates\emit_native)
    Finished `dev` profile [unoptimized + debuginfo] target(s) in 2.00s
     Running `target\debug\examples\arc_keepalive_campos.exe target/prova-keepalive-campos/arc-O0.exe --memoria=arc 0`
warning: function `atribuir_slots` is never used
  --> crates\emit_native\src\llvm\raizes.rs:81:8
   |
81 | pub fn atribuir_slots(
   |        ^^^^^^^^^^^^^^
   |
   = note: `#[warn(dead_code)]` (part of `#[warn(unused)]`) on by default

warning: `dartforge-emit-native` (lib) generated 1 warning
   Compiling dartforge-emit-native v0.1.0 (E:\MyRustProjects\dartforge\crates\emit_native)
    Finished `dev` profile [unoptimized + debuginfo] target(s) in 2.21s
     Running `target\debug\examples\arc_keepalive_campos.exe target/prova-keepalive-campos/arc-O0.exe --memoria=arc 0`
warning: function `atribuir_slots` is never used
  --> crates\emit_native\src\llvm\raizes.rs:81:8
   |
81 | pub fn atribuir_slots(
   |        ^^^^^^^^^^^^^^
   |
   = note: `#[warn(dead_code)]` (part of `#[warn(unused)]`) on by default

warning: `dartforge-emit-native` (lib) generated 1 warning
    Finished `dev` profile [unoptimized + debuginfo] target(s) in 0.17s
     Running `target\debug\examples\arc_keepalive_campos.exe target/prova-keepalive-campos/tracing-O0.exe --memoria=tracing 0`
warning: function `atribuir_slots` is never used
  --> crates\emit_native\src\llvm\raizes.rs:81:8
   |
81 | pub fn atribuir_slots(
   |        ^^^^^^^^^^^^^^
   |
   = note: `#[warn(dead_code)]` (part of `#[warn(unused)]`) on by default

warning: `dartforge-emit-native` (lib) generated 1 warning
    Finished `dev` profile [unoptimized + debuginfo] target(s) in 0.10s
     Running `target\debug\examples\arc_keepalive_campos.exe target/prova-keepalive-campos/arc-O2.exe --memoria=arc 2`
warning: function `atribuir_slots` is never used
  --> crates\emit_native\src\llvm\raizes.rs:81:8
   |
81 | pub fn atribuir_slots(
   |        ^^^^^^^^^^^^^^
   |
   = note: `#[warn(dead_code)]` (part of `#[warn(unused)]`) on by default

warning: `dartforge-emit-native` (lib) generated 1 warning
    Finished `dev` profile [unoptimized + debuginfo] target(s) in 0.11s
     Running `target\debug\examples\arc_keepalive_campos.exe target/prova-keepalive-campos/tracing-O2.exe --memoria=tracing 2`
warning: function `atribuir_slots` is never used
  --> crates\emit_native\src\llvm\raizes.rs:81:8
   |
81 | pub fn atribuir_slots(
   |        ^^^^^^^^^^^^^^
   |
   = note: `#[warn(dead_code)]` (part of `#[warn(unused)]`) on by default

warning: `dartforge-emit-native` (lib) generated 1 warning
    Finished `dev` profile [unoptimized + debuginfo] target(s) in 0.10s
     Running `target\debug\examples\arc_keepalive_campos.exe target/prova-keepalive-campos/arc-O0-sem-retencao.exe --memoria=arc 0 sem-retencao`
warning: function `atribuir_slots` is never used
  --> crates\emit_native\src\llvm\raizes.rs:81:8
   |
81 | pub fn atribuir_slots(
   |        ^^^^^^^^^^^^^^
   |
   = note: `#[warn(dead_code)]` (part of `#[warn(unused)]`) on by default

warning: `dartforge-emit-native` (lib) generated 1 warning
    Finished `dev` profile [unoptimized + debuginfo] target(s) in 0.11s
     Running `target\debug\examples\arc_keepalive_campos.exe target/prova-keepalive-campos/arc-O0-sem-liberar.exe --memoria=arc 0 sem-liberar`
warning: function `atribuir_slots` is never used
  --> crates\emit_native\src\llvm\raizes.rs:81:8
   |
81 | pub fn atribuir_slots(
   |        ^^^^^^^^^^^^^^
   |
   = note: `#[warn(dead_code)]` (part of `#[warn(unused)]`) on by default

warning: `dartforge-emit-native` (lib) generated 1 warning
    Finished `dev` profile [unoptimized + debuginfo] target(s) in 0.10s
     Running `target\debug\examples\arc_keepalive_campos.exe target/prova-keepalive-campos/tracing-O0-sem-retencao.exe --memoria=tracing 0 sem-retencao`
warning: function `atribuir_slots` is never used
  --> crates\emit_native\src\llvm\raizes.rs:81:8
   |
81 | pub fn atribuir_slots(
   |        ^^^^^^^^^^^^^^
   |
   = note: `#[warn(dead_code)]` (part of `#[warn(unused)]`) on by default

warning: `dartforge-emit-native` (lib) generated 1 warning
    Finished `dev` profile [unoptimized + debuginfo] target(s) in 0.11s
     Running `target\debug\examples\arc_keepalive_campos.exe target/prova-keepalive-campos/tracing-O0-sem-liberar.exe --memoria=tracing 0 sem-liberar`
warning: function `atribuir_slots` is never used
  --> crates\emit_native\src\llvm\raizes.rs:81:8
   |
81 | pub fn atribuir_slots(
   |        ^^^^^^^^^^^^^^
   |
   = note: `#[warn(dead_code)]` (part of `#[warn(unused)]`) on by default

warning: `dartforge-emit-native` (lib) generated 1 warning
    Finished `dev` profile [unoptimized + debuginfo] target(s) in 0.11s
     Running `target\debug\examples\arc_keepalive_campos.exe target/prova-keepalive-campos/arc-O2-sem-retencao.exe --memoria=arc 2 sem-retencao`
warning: function `atribuir_slots` is never used
  --> crates\emit_native\src\llvm\raizes.rs:81:8
   |
81 | pub fn atribuir_slots(
   |        ^^^^^^^^^^^^^^
   |
   = note: `#[warn(dead_code)]` (part of `#[warn(unused)]`) on by default

warning: `dartforge-emit-native` (lib) generated 1 warning
    Finished `dev` profile [unoptimized + debuginfo] target(s) in 0.12s
     Running `target\debug\examples\arc_keepalive_campos.exe target/prova-keepalive-campos/arc-O2-sem-liberar.exe --memoria=arc 2 sem-liberar`
warning: function `atribuir_slots` is never used
  --> crates\emit_native\src\llvm\raizes.rs:81:8
   |
81 | pub fn atribuir_slots(
   |        ^^^^^^^^^^^^^^
   |
   = note: `#[warn(dead_code)]` (part of `#[warn(unused)]`) on by default

warning: `dartforge-emit-native` (lib) generated 1 warning
    Finished `dev` profile [unoptimized + debuginfo] target(s) in 0.10s
     Running `target\debug\examples\arc_keepalive_campos.exe target/prova-keepalive-campos/tracing-O2-sem-retencao.exe --memoria=tracing 2 sem-retencao`
warning: function `atribuir_slots` is never used
  --> crates\emit_native\src\llvm\raizes.rs:81:8
   |
81 | pub fn atribuir_slots(
   |        ^^^^^^^^^^^^^^
   |
   = note: `#[warn(dead_code)]` (part of `#[warn(unused)]`) on by default

warning: `dartforge-emit-native` (lib) generated 1 warning
    Finished `dev` profile [unoptimized + debuginfo] target(s) in 0.10s
     Running `target\debug\examples\arc_keepalive_campos.exe target/prova-keepalive-campos/tracing-O2-sem-liberar.exe --memoria=tracing 2 sem-liberar`
