warning: function `atribuir_slots` is never used
  --> crates\emit_native\src\llvm\raizes.rs:81:8
   |
81 | pub fn atribuir_slots(
   |        ^^^^^^^^^^^^^^
   |
   = note: `#[warn(dead_code)]` (part of `#[warn(unused)]`) on by default

   Compiling dartforge-emit-native v0.1.0 (E:\MyRustProjects\dartforge\crates\emit_native)
warning: `dartforge-emit-native` (lib) generated 1 warning
warning: `dartforge-emit-native` (lib test) generated 1 warning (1 duplicate)
    Finished `test` profile [unoptimized + debuginfo] target(s) in 7.31s
     Running unittests src\lib.rs (target\debug\deps\dartforge_emit_native-6725050f6cf5f944.exe)

running 260 tests
test cache_objeto::testes::chave_muda_com_cada_componente_e_e_estavel ... ok
test driver::testes::limpeza_nunca_apaga_o_cache ... ok
test finalizaveis::testes::limites_promocao_e_recursao_nao_fornecem_falsa_prova ... ok
test finalizaveis::testes::identidade_supertipos_nulabilidade_futureor_e_extensao ... ok
test gcmap::testes::blob_vai_e_volta ... ok
test gcmap::testes::varint_e_zigzag_vao_e_voltam ... ok
test gcmap::testes::objeto_sem_mapa_fica_como_esta ... ok
test gerador::testes::descricao_distingue_perfis ... ok
test gerador::testes::bandeiras_do_clang ... ok
test ligador_macos::testes::nenhum_simbolo_repetido ... ok
test ligador_macos::testes::tbd_por_arquitetura ... ok
test ligador_windows::testes::arquivo_com_tabela_de_simbolos ... ok
test ligador_windows::testes::liga_e_executa_programa_c ... ignored, exige o Clang e o lld-link (DARTFORGE_CLANG ou PATH)
test ligador_windows::testes::membro_short_import ... ok
test ligador_windows::testes::nenhuma_importacao_repetida ... ok
test cache_objeto::testes::acerto_nao_chama_o_fechamento ... ok
test llvm::abi_c::testes::aarch64_como_o_clang ... ok
test llvm::abi_c::testes::sysv_como_o_clang ... ok
test llvm::abi_c::testes::sysv_palavra_com_enchimento ... ok
test llvm::abi_c::testes::sysv_sem_registradores_vai_para_a_pilha ... ok
test llvm::abi_c::testes::win64_como_o_clang ... ok
test llvm::caixas_ir::testes::ajudantes_com_os_cabecalhos_do_layout ... ok
test llvm::externs::testes::nomes_unicos_e_bem_formados ... ok
test llvm::externs::testes::efeitos_conservadores_por_padrao ... ok
test llvm::externs::testes::tabela_do_runtime_concorda_com_as_declaracoes ... ok
test cache_objeto::testes::falha_nao_publica ... ok
test llvm::rastro::testes::empacota_linha_e_coluna ... ok
test cache_objeto::testes::podar_poupa_o_que_esta_em_uso ... ok
test llvm::rastro::testes::acha_o_alvo_das_chamadas ... ok
test llvm::rastro::testes::funcao_compartilhada_nao_rotula_e_nao_recebe_inlining ... ok
test llvm::rastro::testes::grupo_da_closure_e_do_corpo_async ... ok
test llvm::rastro::testes::quadros_embutidos_tem_uma_entrada_por_funcao ... ok
test llvm::rastro::testes::rotula_as_chamadas_com_a_posicao_do_marcador ... ok
test ligador_macos::testes::gerar_escreve_cada_biblioteca ... ok
test llvm::testes::campo_ref_leva_is_ref ... ok
test cache_objeto::testes::podar_respeita_o_teto ... ok
test llvm::testes::cleanup_retoma_par_original_e_recusa_metadados_incoerentes ... ok
test llvm::testes::fabrica_owned_preserva_registro_da_tabela_de_metodos ... ok
test llvm::testes::entrada_arc_recusa_abi_incompativel_antes_dos_registros ... ok
test llvm::testes::global_arc_carrega_bits_reais_e_publica_antes_de_transferir_owner ... ok
test llvm::testes::catch_no_perfil_cleanup_confere_seletor_e_remapeia_phi_do_pouso ... ok
test llvm::testes::literal_estatico_no_aot ... ok
test llvm::testes::inlining_remapeia_operando_arc_e_preserva_token_de_retorno ... ok
test llvm::testes::operacoes_arc_recusam_escalar_literal_nao_avaliado_e_resultado_errado ... ok
test llvm::testes::cleanup_estrangeiro_fecha_quadros_locais_em_lifo ... ok
test llvm::testes::local_ref_tem_slot_proprio ... ok
test llvm::testes::literal_wtf8_preserva_surrogate_isolado_no_ir ... ok
test llvm::testes::retoma_nao_promete_suporte_seh_no_emissor_publico - should panic ... ok
test llvm::testes::campos_tipados_conservam_tipo_llvm_em_linha_e_extensao ... ok
test llvm::testes::operacoes_arc_preservam_contagem_e_movimento_na_otimizacao ... ok
test llvm::testes::quadro_de_raizes_em_todo_ret ... ok
test llvm::testes::raizes_por_vivacidade_e_slot_compartilhado ... ok
test llvm::testes::verificador_recusa_inteiro_como_ref_e_tag_errada ... ok
test llvm::testes::sem_ref_sem_quadro ... ok
test llvm::testes::verificador_confere_capturas_records_e_instrucoes_que_sairam ... ok
test llvm::textos_ir::testes::ajudantes_de_texto_seguem_o_layout ... ok
test llvm::textos_ir::testes::literal_estatico_na_forma_do_bloco ... ok
test llvm::tipados_ir::testes::deslocamentos_do_contrato ... ok
test llvm::verificar_mapas::testes::aceita_a_forma_do_emissor ... ok
test llvm::verificar_mapas::testes::acha_as_violacoes_plantadas ... ok
test llvm::testes::slots_arc_emitidos_preservam_descritor_e_modos_apos_otimizar ... ok
test llvm::verificar_sombra::testes::aceita_o_valor_guardado_antes_da_coleta ... ok
test llvm::verificar_sombra::testes::acusa_a_raiz_esquecida_e_o_slot_reusado ... ok
test llvm::verificar_sombra::testes::o_parametro_nao_precisa_de_slot ... ok
test llvm::verificar_sombra::testes::o_store_de_um_ramo_so_nao_domina_a_juncao ... ok
test nativos::inventario::a_tabela_esta_em_ordem_e_sem_repeticao ... ok
test otimizar::arc::arestas::testes::phi_emprestado_mantem_owner_ate_copiar_o_retorno ... ok
test otimizar::arc::arestas::testes::alocacao_em_laco_libera_token_na_volta_e_na_saida ... ok
test otimizar::arc::campos::testes::aliases_publicados_e_layouts_incompativeis_rejeitam_atomicamente ... ok
test otimizar::arc::arestas::testes::aresta_critica_fecha_owner_morto_e_transporta_limite_sem_alterar_tracing ... ok
test cache_objeto::testes::oito_threads_mesma_chave_um_clang ... ok
test otimizar::arc::campos::testes::phi_com_origem_desconhecida_nao_esconde_escape_da_alocacao ... ok
test otimizar::arc::campos::testes::campos_estreitos_preservam_bits_e_limite_antes_da_leitura ... ok
test otimizar::arc::chamadas::testes::cadeia_escalar_de_chamadas_independe_da_ordem_fisica_dos_blocos ... ok
test otimizar::arc::campos::testes::leitura_ref_retida_antes_da_substituicao_da_aresta ... ok
test otimizar::arc::campos::testes::phi_e_copia_conservam_todos_os_layouts_candidatos ... ok
test otimizar::arc::campos::testes::phi_ancorado_em_laco_conserva_origem_sem_presumir_singleton ... ok
test otimizar::arc::chamadas::testes::chamada_direta_recebe_owned_do_callee_verificado_sem_contrato_manual ... ok
test otimizar::arc::classificacao::disponibilidade_testes::sucesso_precisa_dominar_a_juncao_mesmo_quando_seu_bloco_domina ... ok
test otimizar::arc::chamadas::testes::corpo_borrowed_e_argumento_com_mesma_largura_nao_certificam_chamada ... ok
test otimizar::arc::contratos::testes::aritmetica_nao_apaga_ownership_antes_do_bitcast ... ok
test otimizar::arc::chamadas::testes::resumo_confere_retorno_escalar_e_chamada_falivel_exige_saida ... ok
test otimizar::arc::contratos::testes::aritmetica_tipificada_produz_plano_sem_sementes_e_recusa_ref ... ok
test otimizar::arc::contratos::testes::byte_da_abi_nao_e_booleano_i1 ... ok
test otimizar::arc::chamadas::testes::chamada_falivel_limpa_temporario_sem_produzir_resultado_no_erro ... ok
test otimizar::arc::contratos::testes::campo_escalar_auditado_produz_bits_sem_classificar_get_generico ... ok
test otimizar::arc::contratos::testes::coleta_auditada_exige_saida_excepcional ... ok
test ligador_windows::testes::importacoes_existem_no_sistema ... ok
test otimizar::arc::contratos::testes::bitcast_escalar_exige_origem_e_independe_da_ordem_dos_blocos ... ok
test otimizar::arc::contratos::testes::constantes_runtime_preservam_distincao_entre_escalar_e_endereco ... ok
test otimizar::arc::contratos::testes::comparacao_produz_bool_sem_consumir_referencia ... ok
test otimizar::arc::contratos::testes::constantes_tipadas_e_literais_permanentes_nao_exigem_seed_manual ... ok
test otimizar::arc::contratos::testes::contratos_nao_inferem_ref_por_largura_nem_escondem_tokens ... ok
test otimizar::arc::contratos::testes::excecao_owned_tem_resultado_ref_independente_sem_falha_nova ... ok
test otimizar::arc::contratos::testes::consultas_record_produzem_escalar_apenas_na_saida_normal ... ok
test otimizar::arc::contratos::testes::lancamento_com_rastro_exige_dois_borrows_ref_sem_consumir_tokens ... ok
test otimizar::arc::contratos::testes::cleanup_saidas_cobre_erro_runtime_sem_reparar_consumo_duplicado ... ok
test otimizar::arc::contratos::testes::operacao_pura_nao_reinterpreta_referencia_como_escalar ... ok
test otimizar::arc::contratos::testes::parametros_dart_nao_classificam_i64_e_rejeitam_conflito_atomicamente ... ok
test otimizar::arc::contratos::testes::cleanup_preserva_transferencia_e_retem_antes_de_liberar_outros_tokens ... ok
test otimizar::arc::contratos::testes::phi_ref_nao_aceita_escalar_mesmo_com_classe_owned ... ok
test otimizar::arc::contratos::testes::phi_bool_de_laco_e_produzido_sem_inventar_owner ... ok
test otimizar::arc::contratos::testes::insercao_retornos_dart_e_idempotente_e_atomica_se_cleanup_falta ... ok
test otimizar::arc::contratos::testes::produtor_confere_tipo_ssa_real_antes_de_publicar ... ok
test otimizar::arc::contratos::testes::produtor_e_atomico_e_produz_owned_sem_inferir_pela_largura ... ok
test otimizar::arc::contratos::testes::phi_numerico_exige_origem_e_contrato_semantico ... ok
test otimizar::arc::contratos::testes::phi_ref_trivial_nao_apaga_ownership_das_entradas ... ok
test otimizar::arc::contratos::testes::produtor_confere_dependencia_pendente_em_ciclo_de_phis_borrowed ... ok
test otimizar::arc::contratos::testes::publicar_global_copia_owner_sem_consumir_ssa ... ok
test otimizar::arc::contratos::testes::produtor_preserva_emprestimo_em_phi_de_laco_ancorado ... ok
test otimizar::arc::contratos::testes::produtor_preserva_empréstimo_em_cadeia_de_phis_sem_classe_manual ... ok
test otimizar::arc::contratos::testes::unbox_empresta_referencia_e_devolve_escalar_falivel_sem_consumo ... ok
test otimizar::arc::contratos::testes::produtor_phi_ref_trivial_respeita_transferencia_owned_explicita ... ok
test otimizar::arc::contratos::testes::verificador_recusa_operacao_pura_com_metadados_falseados ... ok
test otimizar::arc::emprestimos::testes::chamada_opaca_exige_owner_independente_do_argumento_derivado ... ok
test otimizar::arc::contratos::testes::larguras_inteiras_preservam_contrato_escalar_e_rejeitam_handles ... ok
test otimizar::arc::contratos::testes::wrapper_dart_nao_publica_parametros_quando_transferencia_falha ... ok
test otimizar::arc::emprestimos::testes::keepalive_protege_ancestral_invalidado_em_vez_de_repetir_copia_do_alias ... ok
test otimizar::arc::emprestimos::testes::origem_sem_abi_ou_resultado_falivel_nao_recebem_copia_antes_da_guarda ... ok
test otimizar::arc::emprestimos::testes::phi_confere_cada_aresta_e_laco_nao_revalida_leitura_da_entrada ... ok
test otimizar::arc::escopos::testes::borrow_transitivo_nao_estende_o_limite_de_seu_owner ... ok
test otimizar::arc::contratos::testes::saida_lanca_libera_resultado_e_guarda_exige_cfg_sem_publicar ... ok
test otimizar::arc::escopos::testes::borrow_nao_pode_ser_definido_ou_usado_fora_do_limite ... ok
test otimizar::arc::escopos::testes::phi_usa_borrow_apos_cleanup_da_aresta_e_plano_obsoleto_falha ... ok
test otimizar::arc::escopos::testes::cleanup_de_aresta_precisa_concordar_na_juncao_e_no_backedge ... ok
test otimizar::arc::funcoes::testes::boxing_owned_transfere_retorno_sem_reter_e_rejeita_formas_invalidas_atomicamente ... ok
test otimizar::arc::funcoes::testes::argumentos_escalares_com_phi_e_aritmetica_sao_produzidos_no_conjunto ... ok
test otimizar::arc::funcoes::testes::boxing_owned_libera_mortais_e_preserva_bool_estatico ... ok
test otimizar::arc::funcoes::testes::conferencia_de_pilha_propaga_falha_e_exige_aresta_no_chamador ... ok
test otimizar::arc::funcoes::testes::cadeia_dart_prepara_callees_posteriores_e_e_idempotente ... ok
test otimizar::arc::funcoes::testes::corpo_invalido_posterior_ou_recursao_sem_saida_nao_publicam_conjunto ... ok
test otimizar::arc::funcoes::testes::contexto_implicito_no_corpo_propaga_unwind_do_prologo ... ok
test otimizar::arc::funcoes::testes::fabrica_de_instancia_publica_owned_e_cleanup_sem_classificar_alocador_legado ... ok
test otimizar::arc::funcoes::testes::campo_emprestado_exige_copia_antes_de_substituir_aresta ... ok
test otimizar::arc::funcoes::testes::gravacao_de_campos_preserva_owners_e_recusa_assinatura_falseada ... ok
test otimizar::arc::funcoes::testes::keepalive_antes_do_diamante_reconstroi_phi_com_transferencia_owned ... ok
test otimizar::arc::funcoes::testes::leitura_ref_do_campo_empresta_receiver_e_copia_retorno_owned ... ok
test otimizar::arc::funcoes::testes::modulo_publica_fatos_e_cleanup_juntos_e_tracing_nao_prepara ... ok
test otimizar::arc::funcoes::testes::keepalive_para_chamada_dart_e_atomico_idempotente_e_exclusivo_de_arc ... ok
test otimizar::arc::funcoes::testes::parametros_double_e_bool_preparam_boxing_sem_contrato_manual ... ok
test otimizar::arc::invocacoes::testes::conferencia_existente_nao_e_substituida_por_propagacao ... ok
test otimizar::arc::invocacoes::testes::falha_de_contrato_ou_ids_preserva_toda_a_transacao ... ok
test otimizar::arc::funcoes::testes::keepalive_falivel_so_retem_no_sucesso_e_transporta_phi_e_limites ... ok
test otimizar::arc::invocacoes::testes::phi_e_limite_na_aresta_seguem_a_continuacao_normal ... ok
test otimizar::arc::funcoes::testes::unboxing_escalar_preserva_borrow_e_exige_type_error_preparado ... ok
test otimizar::arc::invocacoes::testes::chamadas_consecutivas_tem_cleanup_exato_e_fecham_escopos ... ok
test otimizar::arc::layouts::testes::layout_invalido_nao_publica_modulo_e_tracing_nao_aplica_fatos ... ok
test otimizar::arc::locais::testes::byte_literal_tem_faixa_explicita_no_slot ... ok
test otimizar::arc::locais::testes::local_escalar_exige_inicializacao_em_todas_as_arestas ... ok
test otimizar::arc::invocacoes::testes::tratador_existente_e_preservado_ao_preparar_chamada_posterior ... ok
test otimizar::arc::locais::testes::local_no_laco_exige_gravacao_antes_da_primeira_volta ... ok
test otimizar::arc::locais::testes::local_escalar_recusa_escape_e_gravacao_gerenciada_atomicamente ... ok
test otimizar::arc::locais::testes::verificador_recusa_plano_local_obsoleto_apos_mudar_o_corpo ... ok
test otimizar::arc::locais::testes::locais_tipados_alimentam_produtores_sem_inferir_por_largura ... ok
test otimizar::arc::invocacoes::testes::retoma_limpa_owners_sem_transferir_resultado_e_rejeita_alterar_excecao ... ok
test otimizar::arc::objetos::testes::alocacao_invalida_ou_falha_posterior_nao_publica_transformacao ... ok
test otimizar::arc::funcoes::testes::keepalive_phi_prepara_todas_as_origens_antes_de_reclassificar ... ok
test otimizar::arc::objetos::testes::campo_emprestado_ganha_owner_antes_do_safepoint_da_alocacao ... ok
test otimizar::arc::objetos::testes::ponteiro_de_tabela_sem_proveniencia_nao_ganha_contrato_runtime ... ok
test otimizar::arc::parametros::testes::fatos_invalidos_nao_publicam_classificacao_parcial_e_tracing_nao_os_aplica ... ok
test otimizar::arc::quadros::testes::fechamento_e_uso_exigem_quadro_local_ativo ... ok
test otimizar::arc::quadros::testes::fechamento_obedece_lifo ... ok
test otimizar::arc::locais::testes::modulo_liga_leitura_escalar_a_boxing_owned_sem_mudar_tracing ... ok
test otimizar::arc::objetos::testes::alocacao_inicializa_ref_e_bits_sem_converter_double_numericamente ... ok
test otimizar::arc::quadros::testes::pilha_divergente_no_cfg_nao_publica_planos ... ok
test otimizar::arc::quadros::testes::slots_constantes_exigem_indice_dentro_da_capacidade ... ok
test otimizar::arc::objetos::testes::instancia_zerada_preserva_construtor_e_recusa_metadados_invalidos_atomicamente ... ok
test otimizar::arc::saidas::testes::guarda_nao_publica_cfg_tabelas_ou_escopos_apos_falha ... ok
test otimizar::arc::ssa::testes::operacoes_arc_nao_criam_referencias_por_anotacao ... ok
test otimizar::arc::ssa::testes::phi_de_laco_usa_valor_na_aresta_e_exige_cobertura ... ok
test otimizar::arc::ssa::testes::recusa_destinos_ids_e_usos_invalidos ... ok
test otimizar::arc::saidas::testes::guarda_transporta_fechamento_do_escopo_para_ambas_as_saidas ... ok
test otimizar::arc::ssa::testes::retorno_ref_nao_aceita_escalar_com_contrato_owned ... ok
test otimizar::arc::testes::backedge_converge_sem_carregar_o_resultado_da_proxima_iteracao ... ok
test otimizar::arc::testes::classificacao_preserva_alias_gerenciado_representado_por_i64 ... ok
test otimizar::arc::testes::emprestimo_recusa_owner_ausente_e_ciclo_com_caminho_estavel ... ok
test otimizar::arc::testes::emprestimo_transitivo_segura_owner_ate_o_ultimo_uso ... ok
test otimizar::arc::testes::inalcançavel_e_escalar_nao_criam_obrigacao_de_vida ... ok
test otimizar::arc::testes::inventario_tipado_recusa_cobertura_incompleta_e_id_obsoleto ... ok
test otimizar::arc::testes::owner_definido_depois_do_alias_e_owner_local_de_parametro_sao_recusados ... ok
test otimizar::arc::testes::invoke_nao_sustenta_alias_na_juncao_do_erro ... ok
test otimizar::arc::saidas::testes::guarda_transfere_owned_so_no_sucesso_e_retem_borrow_so_no_normal ... ok
test otimizar::arc::testes::owner_em_outro_ramo_nao_sustenta_alias ... ok
test otimizar::arc::testes::owner_phi_e_alias_phi_sao_definidos_simultaneamente ... ok
test otimizar::arc::testes::owners_de_emprestimos_em_phi_ficam_na_aresta_correta ... ok
test otimizar::arc::testes::phi_so_exige_a_entrada_do_predecessor_correto ... ok
test otimizar::arc::testes::resultado_da_chamada_so_e_vivo_na_aresta_normal ... ok
test otimizar::arc::testes::resultado_local_nao_pode_alegar_owner_do_chamador ... ok
test otimizar::arc::tokens::testes::carga_forte_cria_token_e_store_move_consumo_unico ... ok
test otimizar::arc::objetos::testes::filho_owned_e_objeto_tem_cleanup_depois_da_inicializacao ... ok
test otimizar::arc::testes::resultado_de_invoke_so_existe_apos_sucesso_inclusive_em_phi ... ok
test otimizar::arc::tokens::testes::copia_movimento_drop_e_consumo_duplo ... ok
test otimizar::arc::tokens::testes::contratos_ausentes_obsoletos_e_phi_com_consumo_duplicado_falham ... ok
test otimizar::arc::tokens::testes::extern_auditada_nao_aceita_plano_que_omite_consumo ... ok
test otimizar::arc::tokens::testes::emprestimo_nao_sobrevive_ao_owner_consumido_nem_escapa_no_retorno ... ok
test otimizar::arc::saidas::testes::multiplas_guardas_preservam_transferencia_e_rejeitam_falha_posterior ... ok
test otimizar::arc::tokens::testes::pending_runtime_confere_cleanup_sem_pouso_llvm ... ok
test otimizar::arc::tokens::testes::phi_borrowed_nao_perde_escopo_herdado_de_alias ... ok
test otimizar::arc::tokens::testes::phi_borrowed_confere_limite_lexico_no_wrapper_completo ... ok
test otimizar::arc::tokens::testes::invoke_consume_argumento_nas_duas_saidas_e_so_produz_no_sucesso ... ok
test otimizar::arc::tokens::testes::phi_borrowed_preserva_owner_real_da_entrada ... ok
test otimizar::arc::tokens::testes::phi_nullable_transfere_um_token_em_cada_aresta ... ok
test otimizar::arc::tokens::testes::produtor_phi_recusa_emprestimo_e_ciclo_sem_origem_sem_alterar_mapas ... ok
test otimizar::arc::tokens::testes::producao_verificada_nao_publica_metadados_de_funcao_com_token_vazado ... ok
test otimizar::arc::tokens::testes::produtor_arc_classifica_operacoes_fixas_e_nao_deixa_estado_parcial ... ok
test otimizar::arc::tokens::testes::phi_em_loop_transfere_sem_acumular_e_troca_simultaneamente ... ok
test otimizar::arc::tokens::testes::runtime_pending_nao_pode_ser_publicado_como_invoke_llvm ... ok
test otimizar::arc::tokens::testes::saida_com_token_e_juncao_com_consumo_condicional_falham ... ok
test otimizar::arc::tokens::testes::produtor_runtime_pending_auditado_exige_saida_de_erro ... ok
test otimizar::tabelas::testes::consulta_rejeita_funcao_trocada_antes_da_materializacao - should panic ... ok
test otimizar::tabelas::testes::arc_expoe_unwind_local_mesmo_sem_tratador_da_fonte ... ok
test otimizar::tabelas::testes::materializacao_recalcula_pendencia_depois_de_alterar_continuacao ... ok
test otimizar::tabelas::testes::prepara_arestas_sem_publicar_tabelas ... ok
test otimizar::tabelas::testes::recusa_sitio_que_deixou_de_terminar_o_bloco - should panic ... ok
test otimizar::arc::tokens::testes::resultado_borrowed_auditado_depende_do_owner_do_argumento ... ok
test otimizar::tabelas::testes::materializacao_preserva_retoma_e_confere_cleanup_antes_de_publicar ... ok
test otimizar::testes::objeto_que_escapa_fica ... ok
test otimizar::testes::local_vira_phi ... ok
test otimizar::testes::campos_tipados_reinicializam_no_ponto_da_alocacao_e_recusam_bits_mistos ... ok
test otimizar::testes::pipeline_tracing_nao_prepara_boxing_owned ... ok
test particao::testes::declara_funcao_com_parametros_compostos ... ok
test particao::testes::divide_com_declaracoes_e_copias ... ok
test particao::testes::comdat_implicito_vai_com_o_item ... ok
test poda::testes::chamada_compacta_le_o_seletor_do_descritor ... ok
test poda::testes::citados_le_nomes_simples_e_com_aspas ... ok
test otimizar::testes::objeto_temporario_some ... ok
test poda::testes::locais_levam_o_prefixo_do_modulo ... ok
test poda::testes::poda_da_hir_ve_o_seletor_chamado_pelo_sdk ... ok
test poda::testes::poda_da_hir_tira_o_que_nao_alcanca ... ok
test poda::testes::definicoes_mortas_do_programa_saem_do_ir ... ok
test poda::testes::relatorio_diz_a_causa ... ok
test poda::testes::seletor_tipado_chama_tambem_o_sem_t ... ok
test poda::testes::seletor_raiz_mantem_o_par ... ok
test poda::testes::resumo_ida_e_volta ... ok
test poda::testes::tabela_do_programa_reescrita_so_com_pares_vivos ... ok
test poda::testes::so_o_par_do_seletor_chamado_fica ... ok
test poda::testes_ffi::receitas_do_ir_vao_ao_resumo ... ok
test poda::testes::sem_poda_todos_os_pares_da_tabela_viva ... ok
test poda::testes_ffi::chave_da_assinatura_na_receita ... ok
test rastro_compacto::testes::blob_vai_e_volta ... ok
test rastro_compacto::testes::funcao_do_rotulo ... ok
test rastro_compacto::testes::objeto_sem_secao_fica_como_esta ... ok
test resumo::testes::em_partes_e_o_mesmo_que_inteiro ... ok
test resumo::testes::resumo ... ok
test sdk_modulo::testes::compilar_com_o_sdk_da_fonte ... ignored, manual; roda à parte
test sdk_modulo::testes::emitir_o_sdk ... ignored, medição; roda à parte
test sdk_modulo::testes::medir_inferencia_das_bibliotecas_da_fonte ... ignored, medição; roda à parte
test resumo::testes::vetores_publicados ... ok
test sdk_modulo::testes::medir_lowering_das_bibliotecas_da_fonte ... ignored, medição; roda à parte
test sdk_modulo::testes::poda_tira_membros_nao_usados ... ignored, compila o SDK da fonte (lento a frio); roda no CI
test sdk_modulo::testes::producao_e_um_executavel_autocontido ... ignored, compila o SDK da fonte (lento a frio); roda no CI
test testes::construtos_do_erro_ignora_o_que_nao_e_construto ... ok
test sdk_modulo::testes::sobreposicao_carrega ... ok
test lower::locais::testes_finalizavel_semantico::parametros_e_this_preservam_identidade_semantica_do_sdk ... ok
test nativos::inventario::toda_native_da_fonte_tem_entrada ... ok
test lower::layouts_arc::testes::fonte_preserva_layout_herdado_mixin_enum_e_late_somente_em_arc ... ok
test testes::construto_nao_suportado_e_erro_com_todos_os_diagnosticos ... ok
test testes::dart_async_da_fonte_so_para_quem_usa ... ok
test testes::t_id_simbolos_estaveis ... ok
test testes::emitir_ir_e_deterministico ... ok

test result: ok. 253 passed; 0 failed; 7 ignored; 0 measured; 0 filtered out; finished in 33.22s

     Running unittests examples\arc_instancia_zerada.rs (target\debug\examples\arc_instancia_zerada-b9ce42c329a7efe4.exe)

running 1 test
test testes::instancia_zerada_gera_ir_verificado_com_tabela_owned ... ok

test result: ok. 1 passed; 0 failed; 0 ignored; 0 measured; 0 filtered out; finished in 0.00s

